[    1840ms] [LOG] [Explorer] Nav event received, generation: 1 @ http://localhost:8899/static/scripts/script-3-1f9394e6.js:0
[    1840ms] [LOG] [Explorer] Found 1 explorers @ http://localhost:8899/static/scripts/script-3-1f9394e6.js:0
[    1840ms] [LOG] [Explorer] Starting tree build... @ http://localhost:8899/static/scripts/script-3-1f9394e6.js:0
[    1841ms] [LOG] [Explorer] Fetching content index... @ http://localhost:8899/static/scripts/script-3-1f9394e6.js:0
[    1841ms] [LOG] [Explorer] Fetched data keys: [linux, index, tags/linux, tags/命令, tags/index] @ http://localhost:8899/static/scripts/script-3-1f9394e6.js:0
[    1841ms] [LOG] [Explorer] Entry count: 5 @ http://localhost:8899/static/scripts/script-3-1f9394e6.js:0
[    1841ms] [LOG] [Explorer] Trie root children: 2 @ http://localhost:8899/static/scripts/script-3-1f9394e6.js:0
[    1845ms] [LOG] [Explorer] Render generation is current, rendering tree @ http://localhost:8899/static/scripts/script-3-1f9394e6.js:0
[    1845ms] [LOG] [Explorer] Trie result: success @ http://localhost:8899/static/scripts/script-3-1f9394e6.js:0
[    1845ms] [LOG] [Explorer] Rendering 1 children @ http://localhost:8899/static/scripts/script-3-1f9394e6.js:0
[    1845ms] [LOG] [Explorer] Render complete, final list length: 2 @ http://localhost:8899/static/scripts/script-3-1f9394e6.js:0
[    3041ms] [ERROR] Failed to load resource: the server responded with a status of 404 (File not found) @ http://localhost:8899/linux:0
[    3274ms] [ERROR] Failed to load resource: the server responded with a status of 404 (File not found) @ http://localhost:8899/linux#1-%E6%96%87%E4%BB%B6%E4%B8%8E%E7%9B%AE%E5%BD%95:0
[    3278ms] [LOG] [Explorer] Nav event received, generation: 2 @ http://localhost:8899/static/scripts/script-3-1f9394e6.js:0
[    3278ms] [LOG] [Explorer] Found 0 explorers @ http://localhost:8899/static/scripts/script-3-1f9394e6.js:0
[    3283ms] TypeError: Cannot read properties of undefined (reading 'endsWith')
    at Ft (http://localhost:8899/static/scripts/script-4-2a102aaa.js:1:10255)
    at ft (http://localhost:8899/static/scripts/script-4-2a102aaa.js:1:10295)
    at Fu (http://localhost:8899/static/scripts/script-4-2a102aaa.js:1:9904)
    at HTMLDocument.T (http://localhost:8899/static/scripts/script-4-2a102aaa.js:1:19807)
    at Su (http://localhost:8899/static/scripts/script-11-d93af9ba.js:1:14400)
    at Yu (http://localhost:8899/static/scripts/script-11-d93af9ba.js:1:15795)
    at async O (http://localhost:8899/static/scripts/script-11-d93af9ba.js:1:15875)
[    3283ms] TypeError: Cannot read properties of null (reading 'querySelectorAll')
    at HTMLDocument.v (http://localhost:8899/static/resource-after-5eb75950.js:1:3956)
    at Su (http://localhost:8899/static/scripts/script-11-d93af9ba.js:1:14400)
    at Yu (http://localhost:8899/static/scripts/script-11-d93af9ba.js:1:15795)
    at async O (http://localhost:8899/static/scripts/script-11-d93af9ba.js:1:15875)
[    4706ms] [LOG] [Explorer] Nav event received, generation: 3 @ http://localhost:8899/static/scripts/script-3-1f9394e6.js:0
[    4706ms] [LOG] [Explorer] Found 1 explorers @ http://localhost:8899/static/scripts/script-3-1f9394e6.js:0
[    4706ms] [LOG] [Explorer] Starting tree build... @ http://localhost:8899/static/scripts/script-3-1f9394e6.js:0
[    4706ms] [LOG] [Explorer] Fetching content index... @ http://localhost:8899/static/scripts/script-3-1f9394e6.js:0
[    4706ms] [LOG] [Explorer] Fetched data keys: [linux, index, tags/linux, tags/命令, tags/index] @ http://localhost:8899/static/scripts/script-3-1f9394e6.js:0
[    4706ms] [LOG] [Explorer] Entry count: 5 @ http://localhost:8899/static/scripts/script-3-1f9394e6.js:0
[    4707ms] [LOG] [Explorer] Trie root children: 2 @ http://localhost:8899/static/scripts/script-3-1f9394e6.js:0
[    4708ms] [LOG] [Explorer] Render generation is current, rendering tree @ http://localhost:8899/static/scripts/script-3-1f9394e6.js:0
[    4708ms] [LOG] [Explorer] Trie result: success @ http://localhost:8899/static/scripts/script-3-1f9394e6.js:0
[    4708ms] [LOG] [Explorer] Rendering 1 children @ http://localhost:8899/static/scripts/script-3-1f9394e6.js:0
[    4708ms] [LOG] [Explorer] Render complete, final list length: 2 @ http://localhost:8899/static/scripts/script-3-1f9394e6.js:0
[   19692ms] [ERROR] Failed to load resource: the server responded with a status of 404 (File not found) @ http://localhost:8899/linux:0
[   19692ms] [ERROR] Failed to load resource: the server responded with a status of 404 (File not found) @ http://localhost:8899/linux#1-%E6%96%87%E4%BB%B6%E4%B8%8E%E7%9B%AE%E5%BD%95:0
[   19695ms] [LOG] [Explorer] Nav event received, generation: 4 @ http://localhost:8899/static/scripts/script-3-1f9394e6.js:0
[   19695ms] [LOG] [Explorer] Found 0 explorers @ http://localhost:8899/static/scripts/script-3-1f9394e6.js:0
[   19703ms] TypeError: Cannot read properties of undefined (reading 'endsWith')
    at Ft (http://localhost:8899/static/scripts/script-4-2a102aaa.js:1:10255)
    at ft (http://localhost:8899/static/scripts/script-4-2a102aaa.js:1:10295)
    at Fu (http://localhost:8899/static/scripts/script-4-2a102aaa.js:1:9904)
    at HTMLDocument.T (http://localhost:8899/static/scripts/script-4-2a102aaa.js:1:19807)
    at Su (http://localhost:8899/static/scripts/script-11-d93af9ba.js:1:14400)
    at Yu (http://localhost:8899/static/scripts/script-11-d93af9ba.js:1:15795)
    at async O (http://localhost:8899/static/scripts/script-11-d93af9ba.js:1:15875)
[   19703ms] TypeError: Cannot read properties of null (reading 'querySelectorAll')
    at HTMLDocument.v (http://localhost:8899/static/resource-after-5eb75950.js:1:3956)
    at Su (http://localhost:8899/static/scripts/script-11-d93af9ba.js:1:14400)
    at Yu (http://localhost:8899/static/scripts/script-11-d93af9ba.js:1:15795)
    at async O (http://localhost:8899/static/scripts/script-11-d93af9ba.js:1:15875)
