[      30ms] [ERROR] Failed to load resource: the server responded with a status of 404 (Not Found) @ http://localhost:8080/index.css:0
[      32ms] [ERROR] Failed to load resource: the server responded with a status of 404 (Not Found) @ http://localhost:8080/prescript.js:0
[      72ms] [LOG] [Explorer] Nav event received, generation: 1 @ http://localhost:8080/postscript.js:0
[      72ms] [LOG] [Explorer] Found 1 explorers @ http://localhost:8080/postscript.js:0
[      72ms] [LOG] [Explorer] Starting tree build... @ http://localhost:8080/postscript.js:0
[      72ms] [LOG] [Explorer] Fetching content index... @ http://localhost:8080/postscript.js:0
[      85ms] [LOG] [Explorer] Fetched data keys: [index, linux, tags/linux, tags/命令, tags/index] @ http://localhost:8080/postscript.js:0
[      85ms] [LOG] [Explorer] Entry count: 5 @ http://localhost:8080/postscript.js:0
[      85ms] [LOG] [Explorer] Trie root children: 2 @ http://localhost:8080/postscript.js:0
[      87ms] [LOG] [Explorer] Render generation is current, rendering tree @ http://localhost:8080/postscript.js:0
[      87ms] [LOG] [Explorer] Trie result: success @ http://localhost:8080/postscript.js:0
[      87ms] [LOG] [Explorer] Rendering 1 children @ http://localhost:8080/postscript.js:0
[      87ms] [LOG] [Explorer] Render complete, final list length: 2 @ http://localhost:8080/postscript.js:0
[    1196ms] [ERROR] Failed to load resource: the server responded with a status of 404 (Not Found) @ http://localhost:8080/index.css:0
[    1199ms] [ERROR] Failed to load resource: the server responded with a status of 404 (Not Found) @ http://localhost:8080/prescript.js:0
[    1246ms] [LOG] [Explorer] Nav event received, generation: 1 @ http://localhost:8080/postscript.js:0
[    1246ms] [LOG] [Explorer] Found 1 explorers @ http://localhost:8080/postscript.js:0
[    1246ms] [LOG] [Explorer] Starting tree build... @ http://localhost:8080/postscript.js:0
[    1246ms] [LOG] [Explorer] Fetching content index... @ http://localhost:8080/postscript.js:0
[    1267ms] [LOG] [Explorer] Fetched data keys: [index, linux, tags/linux, tags/命令, tags/index] @ http://localhost:8080/postscript.js:0
[    1267ms] [LOG] [Explorer] Entry count: 5 @ http://localhost:8080/postscript.js:0
[    1267ms] [LOG] [Explorer] Trie root children: 2 @ http://localhost:8080/postscript.js:0
[    1274ms] [LOG] [Explorer] Render generation is current, rendering tree @ http://localhost:8080/postscript.js:0
[    1274ms] [LOG] [Explorer] Trie result: success @ http://localhost:8080/postscript.js:0
[    1275ms] [LOG] [Explorer] Rendering 1 children @ http://localhost:8080/postscript.js:0
[    1275ms] [LOG] [Explorer] Render complete, final list length: 2 @ http://localhost:8080/postscript.js:0
[    2081ms] [ERROR] Failed to load resource: the server responded with a status of 404 (Not Found) @ http://localhost:8080/index.css:0
[    2082ms] [ERROR] Failed to load resource: the server responded with a status of 404 (Not Found) @ http://localhost:8080/prescript.js:0
[    2127ms] [LOG] [Explorer] Nav event received, generation: 1 @ http://localhost:8080/postscript.js:0
[    2128ms] [LOG] [Explorer] Found 1 explorers @ http://localhost:8080/postscript.js:0
[    2128ms] [LOG] [Explorer] Starting tree build... @ http://localhost:8080/postscript.js:0
[    2128ms] [LOG] [Explorer] Fetching content index... @ http://localhost:8080/postscript.js:0
[    2157ms] [LOG] [Explorer] Fetched data keys: [index, linux, tags/linux, tags/命令, tags/index] @ http://localhost:8080/postscript.js:0
[    2157ms] [LOG] [Explorer] Entry count: 5 @ http://localhost:8080/postscript.js:0
[    2157ms] [LOG] [Explorer] Trie root children: 2 @ http://localhost:8080/postscript.js:0
[    2164ms] [LOG] [Explorer] Render generation is current, rendering tree @ http://localhost:8080/postscript.js:0
[    2164ms] [LOG] [Explorer] Trie result: success @ http://localhost:8080/postscript.js:0
[    2164ms] [LOG] [Explorer] Rendering 1 children @ http://localhost:8080/postscript.js:0
[    2164ms] [LOG] [Explorer] Render complete, final list length: 2 @ http://localhost:8080/postscript.js:0
[    2994ms] [ERROR] Failed to load resource: the server responded with a status of 404 (Not Found) @ http://localhost:8080/index.css:0
[    2996ms] [ERROR] Failed to load resource: the server responded with a status of 404 (Not Found) @ http://localhost:8080/prescript.js:0
[    3039ms] [ERROR] Failed to load resource: the server responded with a status of 404 (Not Found) @ http://localhost:8080/static/resource-after-683f275d.js:0
[    3039ms] [ERROR] Failed to load resource: the server responded with a status of 404 (Not Found) @ http://localhost:8080/postscript.js:0
